   Compiling compiler_builtins v0.1.160 (/root/.rustup/toolchains/nightly-x86_64-unknown-linux-gnu/lib/rustlib/src/rust/library/compiler-builtins/compiler-builtins)
   Compiling core v0.0.0 (/root/.rustup/toolchains/nightly-x86_64-unknown-linux-gnu/lib/rustlib/src/rust/library/core)
   Compiling libc v0.2.189
   Compiling object v0.39.1
   Compiling std v0.0.0 (/root/.rustup/toolchains/nightly-x86_64-unknown-linux-gnu/lib/rustlib/src/rust/library/std)
   Compiling test v0.0.0 (/root/.rustup/toolchains/nightly-x86_64-unknown-linux-gnu/lib/rustlib/src/rust/library/test)
   Compiling rustc-std-workspace-core v1.99.0 (/root/.rustup/toolchains/nightly-x86_64-unknown-linux-gnu/lib/rustlib/src/rust/library/rustc-std-workspace-core)
   Compiling alloc v0.0.0 (/root/.rustup/toolchains/nightly-x86_64-unknown-linux-gnu/lib/rustlib/src/rust/library/alloc)
   Compiling adler2 v2.0.1
   Compiling memchr v2.8.3
   Compiling cfg-if v1.0.4
   Compiling rustc-demangle v0.1.28
   Compiling rustc-literal-escaper v0.0.8
   Compiling unwind v0.0.0 (/root/.rustup/toolchains/nightly-x86_64-unknown-linux-gnu/lib/rustlib/src/rust/library/unwind)
   Compiling rustc-std-workspace-alloc v1.99.0 (/root/.rustup/toolchains/nightly-x86_64-unknown-linux-gnu/lib/rustlib/src/rust/library/rustc-std-workspace-alloc)
   Compiling panic_abort v0.0.0 (/root/.rustup/toolchains/nightly-x86_64-unknown-linux-gnu/lib/rustlib/src/rust/library/panic_abort)
   Compiling panic_unwind v0.0.0 (/root/.rustup/toolchains/nightly-x86_64-unknown-linux-gnu/lib/rustlib/src/rust/library/panic_unwind)
   Compiling gimli v0.34.0
   Compiling miniz_oxide v0.9.1
   Compiling hashbrown v0.17.1
   Compiling std_detect v0.1.5 (/root/.rustup/toolchains/nightly-x86_64-unknown-linux-gnu/lib/rustlib/src/rust/library/std_detect)
   Compiling addr2line v0.27.1
   Compiling rustc-std-workspace-std v1.99.0 (/root/.rustup/toolchains/nightly-x86_64-unknown-linux-gnu/lib/rustlib/src/rust/library/rustc-std-workspace-std)
   Compiling proc_macro v0.0.0 (/root/.rustup/toolchains/nightly-x86_64-unknown-linux-gnu/lib/rustlib/src/rust/library/proc_macro)
   Compiling getopts v0.2.24
   Compiling broken-app v0.1.0 (/mnt/d/Yandex Rust/modul5/broken-app)
    Finished `test` profile [unoptimized + debuginfo] target(s) in 27.73s
     Running tests/integration.rs (/tmp/modul5-target/x86_64-unknown-linux-gnu/debug/build/broken-app/13c2e4cab3f400f7/out/integration-13c2e4cab3f400f7)

running 12 tests
test average_positive_empty_and_all_negative ... ok
test averages_only_positive ... ok
test counts_non_zero_bytes ... ok
test dedup_and_fib_sanity ... ok
test dedup_preserves_uniques ... ok
test fib_small_numbers ... ok
test normalize_simple ... ok
test normalize_tabs_and_newlines ... ok
test sums_even_numbers ... ok
test sums_even_empty ... ok
test use_after_free_is_safe ... ok
test race_increment_is_correct ... ok

test result: ok. 12 passed; 0 failed; 0 ignored; 0 measured; 0 filtered out; finished in 0.00s

